// Jest Snapshot v1, https://goo.gl/fbAQLP

exports[`migrate resources getResources 1`] = `
Array [
  Object {
    "languageId": "en",
    "manifest": Object {
      "checking": Object {
        "checking_entity": Array [
          "unfoldingWord",
        ],
        "checking_level": "3",
      },
      "description": "Gateway Language",
      "direction": "ltr",
      "dublin_core": Object {
        "conformsto": "rc0.2",
        "contributor": Array [
          "Alrick G. Headley, M.Div., Th.M.",
          "Adam W. Nagelvoort, M.Div. Academic Ministries, Columbia International University",
          "Dave Statezni, BA Orig langs., M.Div. Fuller Theological Seminary",
          "Bram van den Heuvel, M.A.",
          "C. Harry Harriss, M.Div.",
          "David Trombold, M. Div.",
          "Elizabeth Oakes, BA in Religious Studies, Linguistics",
          "George \\"Drew\\" Curley, M.Div., PhD, Professor of Biblical Languages",
          "Hendrik \\"Henry\\" de Vries",
          "Henry Whitney, BA Linguistics",
          "Jesse Griffin, BA Biblical Studies, MA Biblical Languages",
          "James N. Pohlig, M.Div., MA in Linguistics, D. Litt. in Biblical Languages",
          "Larry T Brooks, M.Div., Assemblies of God Theological Seminary",
          "Larry Sallee, D.Min.",
          "Paul M Fahnestock, M.Div. Reformed Theological Seminary, D. Min. Pittsburgh Theological Seminary",
          "Perry Oakes, PhD in Old Testament, MA in Linguistics",
          "Peter Smircich, BA Philosophy",
          "Susan Quigley, MA in Linguistics",
          "Thomas Warren, M.Div., Trinity Evangelical Divinity School, D.Min, Reformed Theological Seminary",
          "Timothy Neu, Ph.D. Biblical Studies",
          "Ward Pyles, M.Div., Western Baptist Theological Seminary",
          "David Trombold",
          "Dean Ropp",
          "Gene Mullen",
          "James Vigen",
          "Leonard Smith",
          "Nicholas Alsop",
          "Michael Francis",
          "Door43 World Missions Community",
        ],
        "creator": "Door43 World Missions Community",
        "description": "An open-licensed update of the ASV, intended to provide a 'form-centric' understanding of the Bible. It increases the translator's understanding of the lexical and grammatical composition of the underlying text by adhering closely to the word order and structure of the originals.",
        "format": "text/usfm",
        "identifier": "ulb",
        "issued": "2017-11-29",
        "language": Object {
          "direction": "ltr",
          "identifier": "en",
          "title": "English",
        },
        "modified": "2017-11-29",
        "publisher": "unfoldingWord",
        "relation": Array [
          "en/tw",
          "en/tq",
          "en/tn",
        ],
        "rights": "CC BY-SA 4.0",
        "source": Array [
          Object {
            "identifier": "asv",
            "language": "en",
            "version": "1901",
          },
        ],
        "subject": "Bible",
        "title": "Unlocked Literal Bible",
        "type": "bundle",
        "version": "12",
      },
      "language_id": "en",
      "language_name": "English",
      "projects": Array [
        Object {
          "categories": Array [
            "bible-ot",
          ],
          "identifier": "gen",
          "path": "./01-GEN.usfm",
          "sort": 1,
          "title": "Genesis",
          "versification": "ufw",
        },
        Object {
          "categories": Array [
            "bible-ot",
          ],
          "identifier": "exo",
          "path": "./02-EXO.usfm",
          "sort": 2,
          "title": "Exodus",
          "versification": "ufw",
        },
        Object {
          "categories": Array [
            "bible-ot",
          ],
          "identifier": "lev",
          "path": "./03-LEV.usfm",
          "sort": 3,
          "title": "Leviticus",
          "versification": "ufw",
        },
        Object {
          "categories": Array [
            "bible-ot",
          ],
          "identifier": "num",
          "path": "./04-NUM.usfm",
          "sort": 4,
          "title": "Numbers",
          "versification": "ufw",
        },
        Object {
          "categories": Array [
            "bible-ot",
          ],
          "identifier": "deu",
          "path": "./05-DEU.usfm",
          "sort": 5,
          "title": "Deuteronomy",
          "versification": "ufw",
        },
        Object {
          "categories": Array [
            "bible-ot",
          ],
          "identifier": "jos",
          "path": "./06-JOS.usfm",
          "sort": 6,
          "title": "Joshua",
          "versification": "ufw",
        },
        Object {
          "categories": Array [
            "bible-ot",
          ],
          "identifier": "jdg",
          "path": "./07-JDG.usfm",
          "sort": 7,
          "title": "Judges",
          "versification": "ufw",
        },
        Object {
          "categories": Array [
            "bible-ot",
          ],
          "identifier": "rut",
          "path": "./08-RUT.usfm",
          "sort": 8,
          "title": "Ruth",
          "versification": "ufw",
        },
        Object {
          "categories": Array [
            "bible-ot",
          ],
          "identifier": "1sa",
          "path": "./09-1SA.usfm",
          "sort": 9,
          "title": "1 Samuel",
          "versification": "ufw",
        },
        Object {
          "categories": Array [
            "bible-ot",
          ],
          "identifier": "2sa",
          "path": "./10-2SA.usfm",
          "sort": 10,
          "title": "2 Samuel",
          "versification": "ufw",
        },
        Object {
          "categories": Array [
            "bible-ot",
          ],
          "identifier": "1ki",
          "path": "./11-1KI.usfm",
          "sort": 11,
          "title": "1 Kings",
          "versification": "ufw",
        },
        Object {
          "categories": Array [
            "bible-ot",
          ],
          "identifier": "2ki",
          "path": "./12-2KI.usfm",
          "sort": 12,
          "title": "2 Kings",
          "versification": "ufw",
        },
        Object {
          "categories": Array [
            "bible-ot",
          ],
          "identifier": "1ch",
          "path": "./13-1CH.usfm",
          "sort": 13,
          "title": "1 Chronicles",
          "versification": "ufw",
        },
        Object {
          "categories": Array [
            "bible-ot",
          ],
          "identifier": "2ch",
          "path": "./14-2CH.usfm",
          "sort": 14,
          "title": "2 Chronicles",
          "versification": "ufw",
        },
        Object {
          "categories": Array [
            "bible-ot",
          ],
          "identifier": "ezr",
          "path": "./15-EZR.usfm",
          "sort": 15,
          "title": "Ezra",
          "versification": "ufw",
        },
        Object {
          "categories": Array [
            "bible-ot",
          ],
          "identifier": "neh",
          "path": "./16-NEH.usfm",
          "sort": 16,
          "title": "Nehemiah",
          "versification": "ufw",
        },
        Object {
          "categories": Array [
            "bible-ot",
          ],
          "identifier": "est",
          "path": "./17-EST.usfm",
          "sort": 17,
          "title": "Esther",
          "versification": "ufw",
        },
        Object {
          "categories": Array [
            "bible-ot",
          ],
          "identifier": "job",
          "path": "./18-JOB.usfm",
          "sort": 18,
          "title": "Job",
          "versification": "ufw",
        },
        Object {
          "categories": Array [
            "bible-ot",
          ],
          "identifier": "psa",
          "path": "./19-PSA.usfm",
          "sort": 19,
          "title": "Psalms",
          "versification": "ufw",
        },
        Object {
          "categories": Array [
            "bible-ot",
          ],
          "identifier": "pro",
          "path": "./20-PRO.usfm",
          "sort": 20,
          "title": "Proverbs",
          "versification": "ufw",
        },
        Object {
          "categories": Array [
            "bible-ot",
          ],
          "identifier": "ecc",
          "path": "./21-ECC.usfm",
          "sort": 21,
          "title": "Ecclesiastes",
          "versification": "ufw",
        },
        Object {
          "categories": Array [
            "bible-ot",
          ],
          "identifier": "sng",
          "path": "./22-SNG.usfm",
          "sort": 22,
          "title": "Song of Solomon",
          "versification": "ufw",
        },
        Object {
          "categories": Array [
            "bible-ot",
          ],
          "identifier": "isa",
          "path": "./23-ISA.usfm",
          "sort": 23,
          "title": "Isaiah",
          "versification": "ufw",
        },
        Object {
          "categories": Array [
            "bible-ot",
          ],
          "identifier": "jer",
          "path": "./24-JER.usfm",
          "sort": 24,
          "title": "Jeremiah",
          "versification": "ufw",
        },
        Object {
          "categories": Array [
            "bible-ot",
          ],
          "identifier": "lam",
          "path": "./25-LAM.usfm",
          "sort": 25,
          "title": "Lamentations",
          "versification": "ufw",
        },
        Object {
          "categories": Array [
            "bible-ot",
          ],
          "identifier": "ezk",
          "path": "./26-EZK.usfm",
          "sort": 26,
          "title": "Ezekiel",
          "versification": "ufw",
        },
        Object {
          "categories": Array [
            "bible-ot",
          ],
          "identifier": "dan",
          "path": "./27-DAN.usfm",
          "sort": 27,
          "title": "Daniel",
          "versification": "ufw",
        },
        Object {
          "categories": Array [
            "bible-ot",
          ],
          "identifier": "hos",
          "path": "./28-HOS.usfm",
          "sort": 28,
          "title": "Hosea",
          "versification": "ufw",
        },
        Object {
          "categories": Array [
            "bible-ot",
          ],
          "identifier": "jol",
          "path": "./29-JOL.usfm",
          "sort": 29,
          "title": "Joel",
          "versification": "ufw",
        },
        Object {
          "categories": Array [
            "bible-ot",
          ],
          "identifier": "amo",
          "path": "./30-AMO.usfm",
          "sort": 30,
          "title": "Amos",
          "versification": "ufw",
        },
        Object {
          "categories": Array [
            "bible-ot",
          ],
          "identifier": "oba",
          "path": "./31-OBA.usfm",
          "sort": 31,
          "title": "Obadiah",
          "versification": "ufw",
        },
        Object {
          "categories": Array [
            "bible-ot",
          ],
          "identifier": "jon",
          "path": "./32-JON.usfm",
          "sort": 32,
          "title": "Jonah",
          "versification": "ufw",
        },
        Object {
          "categories": Array [
            "bible-ot",
          ],
          "identifier": "mic",
          "path": "./33-MIC.usfm",
          "sort": 33,
          "title": "Micah",
          "versification": "ufw",
        },
        Object {
          "categories": Array [
            "bible-ot",
          ],
          "identifier": "nam",
          "path": "./34-NAM.usfm",
          "sort": 34,
          "title": "Nahum",
          "versification": "ufw",
        },
        Object {
          "categories": Array [
            "bible-ot",
          ],
          "identifier": "hab",
          "path": "./35-HAB.usfm",
          "sort": 35,
          "title": "Habakkuk",
          "versification": "ufw",
        },
        Object {
          "categories": Array [
            "bible-ot",
          ],
          "identifier": "zep",
          "path": "./36-ZEP.usfm",
          "sort": 36,
          "title": "Zephaniah",
          "versification": "ufw",
        },
        Object {
          "categories": Array [
            "bible-ot",
          ],
          "identifier": "hag",
          "path": "./37-HAG.usfm",
          "sort": 37,
          "title": "Haggai",
          "versification": "ufw",
        },
        Object {
          "categories": Array [
            "bible-ot",
          ],
          "identifier": "zec",
          "path": "./38-ZEC.usfm",
          "sort": 38,
          "title": "Zechariah",
          "versification": "ufw",
        },
        Object {
          "categories": Array [
            "bible-ot",
          ],
          "identifier": "mal",
          "path": "./39-MAL.usfm",
          "sort": 39,
          "title": "Malachi",
          "versification": "ufw",
        },
        Object {
          "categories": Array [
            "bible-nt",
          ],
          "identifier": "mat",
          "path": "./41-MAT.usfm",
          "sort": 40,
          "title": "Matthew",
          "versification": "ufw",
        },
        Object {
          "categories": Array [
            "bible-nt",
          ],
          "identifier": "mrk",
          "path": "./42-MRK.usfm",
          "sort": 41,
          "title": "Mark",
          "versification": "ufw",
        },
        Object {
          "categories": Array [
            "bible-nt",
          ],
          "identifier": "luk",
          "path": "./43-LUK.usfm",
          "sort": 42,
          "title": "Luke",
          "versification": "ufw",
        },
        Object {
          "categories": Array [
            "bible-nt",
          ],
          "identifier": "jhn",
          "path": "./44-JHN.usfm",
          "sort": 43,
          "title": "John",
          "versification": "ufw",
        },
        Object {
          "categories": Array [
            "bible-nt",
          ],
          "identifier": "act",
          "path": "./45-ACT.usfm",
          "sort": 44,
          "title": "Acts",
          "versification": "ufw",
        },
        Object {
          "categories": Array [
            "bible-nt",
          ],
          "identifier": "rom",
          "path": "./46-ROM.usfm",
          "sort": 45,
          "title": "Romans",
          "versification": "ufw",
        },
        Object {
          "categories": Array [
            "bible-nt",
          ],
          "identifier": "1co",
          "path": "./47-1CO.usfm",
          "sort": 46,
          "title": "1 Corinthians",
          "versification": "ufw",
        },
        Object {
          "categories": Array [
            "bible-nt",
          ],
          "identifier": "2co",
          "path": "./48-2CO.usfm",
          "sort": 47,
          "title": "2 Corinthians",
          "versification": "ufw",
        },
        Object {
          "categories": Array [
            "bible-nt",
          ],
          "identifier": "gal",
          "path": "./49-GAL.usfm",
          "sort": 48,
          "title": "Galatians",
          "versification": "ufw",
        },
        Object {
          "categories": Array [
            "bible-nt",
          ],
          "identifier": "eph",
          "path": "./50-EPH.usfm",
          "sort": 49,
          "title": "Ephesians",
          "versification": "ufw",
        },
        Object {
          "categories": Array [
            "bible-nt",
          ],
          "identifier": "php",
          "path": "./51-PHP.usfm",
          "sort": 50,
          "title": "Philippians",
          "versification": "ufw",
        },
        Object {
          "categories": Array [
            "bible-nt",
          ],
          "identifier": "col",
          "path": "./52-COL.usfm",
          "sort": 51,
          "title": "Colossians",
          "versification": "ufw",
        },
        Object {
          "categories": Array [
            "bible-nt",
          ],
          "identifier": "1th",
          "path": "./53-1TH.usfm",
          "sort": 52,
          "title": "1 Thessalonians",
          "versification": "ufw",
        },
        Object {
          "categories": Array [
            "bible-nt",
          ],
          "identifier": "2th",
          "path": "./54-2TH.usfm",
          "sort": 53,
          "title": "2 Thessalonians",
          "versification": "ufw",
        },
        Object {
          "categories": Array [
            "bible-nt",
          ],
          "identifier": "1ti",
          "path": "./55-1TI.usfm",
          "sort": 54,
          "title": "1 Timothy",
          "versification": "ufw",
        },
        Object {
          "categories": Array [
            "bible-nt",
          ],
          "identifier": "2ti",
          "path": "./56-2TI.usfm",
          "sort": 55,
          "title": "2 Timothy",
          "versification": "ufw",
        },
        Object {
          "categories": Array [
            "bible-nt",
          ],
          "identifier": "tit",
          "path": "./57-TIT.usfm",
          "sort": 56,
          "title": "Titus",
          "versification": "ufw",
        },
        Object {
          "categories": Array [
            "bible-nt",
          ],
          "identifier": "phm",
          "path": "./58-PHM.usfm",
          "sort": 57,
          "title": "Philemon",
          "versification": "ufw",
        },
        Object {
          "categories": Array [
            "bible-nt",
          ],
          "identifier": "heb",
          "path": "./59-HEB.usfm",
          "sort": 58,
          "title": "Hebrews",
          "versification": "ufw",
        },
        Object {
          "categories": Array [
            "bible-nt",
          ],
          "identifier": "jas",
          "path": "./60-JAS.usfm",
          "sort": 59,
          "title": "James",
          "versification": "ufw",
        },
        Object {
          "categories": Array [
            "bible-nt",
          ],
          "identifier": "1pe",
          "path": "./61-1PE.usfm",
          "sort": 60,
          "title": "1 Peter",
          "versification": "ufw",
        },
        Object {
          "categories": Array [
            "bible-nt",
          ],
          "identifier": "2pe",
          "path": "./62-2PE.usfm",
          "sort": 61,
          "title": "2 Peter",
          "versification": "ufw",
        },
        Object {
          "categories": Array [
            "bible-nt",
          ],
          "identifier": "1jn",
          "path": "./63-1JN.usfm",
          "sort": 62,
          "title": "1 John",
          "versification": "ufw",
        },
        Object {
          "categories": Array [
            "bible-nt",
          ],
          "identifier": "2jn",
          "path": "./64-2JN.usfm",
          "sort": 63,
          "title": "2 John",
          "versification": "ufw",
        },
        Object {
          "categories": Array [
            "bible-nt",
          ],
          "identifier": "3jn",
          "path": "./65-3JN.usfm",
          "sort": 64,
          "title": "3 John",
          "versification": "ufw",
        },
        Object {
          "categories": Array [
            "bible-nt",
          ],
          "identifier": "jud",
          "path": "./66-JUD.usfm",
          "sort": 65,
          "title": "Jude",
          "versification": "ufw",
        },
        Object {
          "categories": Array [
            "bible-nt",
          ],
          "identifier": "rev",
          "path": "./67-REV.usfm",
          "sort": 66,
          "title": "Revelation",
          "versification": "ufw",
        },
      ],
      "resource_id": "ult",
      "resource_title": "unfoldingWord Literal Text",
      "subject": "Bible",
    },
    "modifiedTime": undefined,
    "owner": "Door43-Catalog",
    "resourceId": "ult",
    "version": "v12.1",
  },
  Object {
    "languageId": "en",
    "manifest": Object {
      "description": "Gateway Language",
      "direction": "ltr",
      "language_id": "en",
      "language_name": "English",
      "resource_id": "ust",
      "resource_title": "unfoldingWord Simplified Text",
      "subject": "Bible",
    },
    "modifiedTime": undefined,
    "owner": "Door43-Catalog",
    "resourceId": "ust",
    "version": "v10",
  },
  Object {
    "languageId": "en",
    "manifest": Object {
      "catalog_modified_time": "2019-05-21T19:48:33+00:00",
      "checking": Object {
        "checking_entity": Array [
          "unfoldingWord",
        ],
        "checking_level": "3",
      },
      "dublin_core": Object {
        "conformsto": "rc0.2",
        "contributor": Array [
          "Door43 World Missions Community",
          "Aaron Fenlason",
          "Abner Bauman",
          "Adam Van Goor",
          "Alan Bird",
          "Alan Borkenhagen",
          "Alfred Van Dellen",
          "Alice Wright",
          "Allen Bair",
          "Allyson Presswood Nance",
          "Amanda Adams",
          "Andrew Belcher",
          "Andrew Johnson",
          "Andrew Rice",
          "Angelo Palo",
          "Anita Moreau",
          "April Linton",
          "Aurora Lee",
          "Barbara Summers",
          "Barbara White",
          "Becky Hancock",
          "Beryl Carpenter",
          "Bethany Fenlason",
          "Betty Forbes",
          "Bianca Elliott",
          "Bill Cleveland",
          "Bill Pruett",
          "Bob Britting",
          "Bram van den Heuvel",
          "Brian Metzger",
          "Bruce Bridges",
          "Bruce Collier",
          "Bruce Smith",
          "Caleb Worgess",
          "Carlyle Kilmore",
          "Carol Pace",
          "Carol Heim",
          "Caroline Crawford",
          "Caroline Fleming",
          "Caroline S Wong",
          "Carol Lee",
          "Carol Moyer",
          "Carolyn Lafferty",
          "Catherine C Newton",
          "Charese Jackson",
          "Charlotte Gibson",
          "Charlotte Hobbs",
          "Cheryl A Chojnacki",
          "Cheryl Stieben",
          "Cheryl Warren",
          "Christian Berry",
          "Christine Harrison",
          "Clairmene Pascal",
          "Connie Bryan",
          "Connie Goss",
          "Craig Balden",
          "Craig Lins",
          "Craig Scott",
          "Cynthia J Puckett",
          "Dale Hahs",
          "Dale Masser",
          "Daniel Lauk",
          "Daniel Summers",
          "Darlene M Hopkins",
          "Darlene Silas",
          "David Boerschlein",
          "David F Withee",
          "David Glover",
          "David J Forbes",
          "David Mullen",
          "David N Hanley",
          "David Sandlin",
          "David Shortess",
          "David Smith",
          "David Whisler",
          "Debbie Nispel",
          "Debbie Piper",
          "Deborah Bartow",
          "Deborah Bush",
          "Deborah Miniard",
          "Dennis Jackson",
          "Dianne Forrest",
          "Donna Borkenhagen",
          "Donna Mullis",
          "Douglas Hayes",
          "Drew Curley",
          "Ed Davis",
          "Edgar Navera",
          "Edward Kosky",
          "Edward Quigley",
          "Elaine VanRegenmorter",
          "Elizabeth Nataly Silvestre Herbas",
          "Ellen Lee",
          "Emeline Thermidor",
          "Emily Lee",
          "Esther Roman",
          "Esther Trew",
          "Esther Zirk",
          "Ethel Lynn Baker",
          "Evangeline Puen",
          "Evelyn Wildgust",
          "Fletcher Coleman",
          "Freda Dibble",
          "Gail Spell",
          "Gary Greer",
          "Gary Shogren",
          "Gay Ellen Stulp",
          "Gene Gossman",
          "George Arlyn Briggs",
          "Gerald L. Naughton",
          "Glen Tallent",
          "Grace Balwit",
          "Grace Bird",
          "Greg Stoffregen",
          "Gretchen Stencil",
          "Hallie Miller",
          "Harry Harriss",
          "Heather Hicks",
          "Helen Morse",
          "Hendrik deVries",
          "Henry Bult",
          "Henry Whitney",
          "Hilary O'Sullivan",
          "Ibrahim Audu",
          "Ines Gipson",
          "Irene J Dodson",
          "Jackie Jones",
          "Jacqueline Bartley",
          "James Giddens",
          "James Pedersen",
          "James Pohlig",
          "James Roe",
          "Janet O'Herron",
          "Janice Connor",
          "Jaqueline Rotruck",
          "Jeanette Friesen",
          "Jeff Graf",
          "Jeff Kennedy",
          "Jeff Martin",
          "Jennifer Cunneen",
          "Jenny Thomas",
          "Jerry Lund",
          "Jessica Lauk",
          "Jim Frederick",
          "Jim Lee",
          "Jimmy Warren",
          "Jim Rotruck",
          "Jim Swartzentruber",
          "Jody Garcia",
          "Joe Chater",
          "Joel Bryan",
          "Joey Howell",
          "John Anderson",
          "John Geddis",
          "John D Rogers",
          "John Hutchins",
          "John Luton",
          "John Pace",
          "John P Tornifolio",
          "Jolene Valeu",
          "Jon Haahr",
          "Joseph Fithian",
          "Joseph Greene",
          "Joseph Wharton",
          "Joshua Berkowitz",
          "Joshua Calhoun",
          "Joshua Rister",
          "Josh Wondra",
          "Joy Anderson",
          "Joyce Jacobs",
          "Joyce Pedersen",
          "JT Crowder",
          "Judi Brodeen",
          "Judith Cline",
          "Judith C Yon",
          "Julia N Bult",
          "Patty Li",
          "Julie Susanto",
          "Kahar Barat",
          "Kannahi Sellers",
          "Kara Anderson",
          "Karen Davie",
          "Karen Dreesen",
          "Karen Fabean",
          "Karen Riecks",
          "Karen Smith",
          "Karen Turner",
          "Kathleen Glover",
          "Kathryn Hendrix",
          "Kathy Mentink",
          "Katrina Geurink",
          "Kay Myers",
          "Kelly Strong",
          "Ken Haugh",
          "Kim Puterbaugh",
          "Kristin Butts Page",
          "Kristin Rinne",
          "Kwesi Opoku-debrah",
          "Langston Spell",
          "Larry Sallee",
          "Lawrence Lipe",
          "Lee Sipe",
          "Leonard Smith",
          "Lester Harper",
          "Lia Hadley",
          "Linda Buckman",
          "Linda Dale Barton",
          "Linda Havemeier",
          "Linda Homer",
          "Linda Lee Sebastien",
          "Linn Peterson",
          "Liz Dakota",
          "Lloyd Box",
          "Luis Keelin",
          "Madeline Kilmore",
          "Maggie D Paul",
          "Marc Nelson",
          "Mardi Welo",
          "Margo Hoffman",
          "Marilyn Cook",
          "Marjean Swann",
          "Marjorie Francis",
          "Mark Albertini",
          "Mark Chapman",
          "Mark Thomas",
          "Marselene Norton",
          "Mary Jane Davis",
          "Mary Jean Stout",
          "Mary Landon",
          "Mary Scarborough",
          "Megan Kidwell",
          "Melissa Roe",
          "Merton Dibble",
          "Meseret Abraham-Zemede",
          "Michael Bush",
          "Michael Connor",
          "Michael Francis",
          "Michael Geurink",
          "Mike Tisdell",
          "Mickey White",
          "Miel Horrilleno",
          "Monique Greer",
          "Morgan Mellette",
          "Morris Anderson",
          "Nancy C. Naughton",
          "Nancy Neu",
          "Nancy VanCott",
          "Neal Snook",
          "Nicholas Scovil",
          "Nick Dettman",
          "Nils Friberg",
          "Noah Crabtree",
          "Pamela B Johnston",
          "Pamela Nungesser",
          "Pamela Roberts",
          "Pam Gullifer",
          "Pat Ankney",
          "Pat Giddens",
          "Patricia Brougher",
          "Patricia Carson",
          "Patricia Cleveland",
          "Patricia Foster",
          "Patricia Middlebrooks",
          "Paul Mellema",
          "Paula Carlson",
          "Paula Oestreich",
          "Paul Holloway",
          "Paul Nungesser",
          "Peggy Anderson",
          "Peggyrose Swartzentruber",
          "Peter Polloni",
          "Phillip Harms",
          "Phyllis Mortensen",
          "Priscilla Enggren",
          "Rachel Agheyisi",
          "Rachel Ropp",
          "Raif Turner",
          "Ray Puen",
          "Reina Y Mora",
          "Rene Bahrenfuss",
          "Renee Triplett",
          "Rhonda Bartels",
          "Richard Beatty",
          "Richard Moreau",
          "Richard Rutter",
          "Richard Stevens",
          "Rick Keaton",
          "Robby Little",
          "Robert W Johnson",
          "Rochelle Hook",
          "Rodney White",
          "Rolaine Franz",
          "Ronald D Hook",
          "Rosario Baria",
          "Roxann Carey",
          "Roxanne Pittard",
          "Ruben Michael Garay",
          "Russell Isham",
          "Russ Perry",
          "Ruth Calo",
          "Ruth E Withee",
          "Ruth Montgomery",
          "Ryan Blizek",
          "Sam Todd",
          "Samuel Njuguna",
          "Sandy Anderson",
          "Sandy Blanes",
          "Sara Giesmann",
          "Sara Van Cott (Barnes)",
          "Sharon Johnson",
          "Sharon Peterson",
          "Sharon Shortess",
          "Shelly Harms",
          "Sherie Nelson",
          "Sherman Sebastien",
          "Sherry Mosher",
          "Stacey Swanson",
          "Steve Gibbs",
          "Steve Mercier",
          "Susan Langohr",
          "Susan Quigley",
          "Susan Snook",
          "Suzanne Richards",
          "Sylvia Thomas",
          "Sze Suze Lau",
          "Tabitha Price",
          "Tammy L Enns",
          "Tammy White",
          "Teresa Everett-Leone",
          "Teresa Linn",
          "Terri Collins",
          "Theresa Baker",
          "Thomas Jopling",
          "Thomas Nickell",
          "Thomas Warren",
          "Tim Coleman",
          "Tim Ingram",
          "Tim Linn",
          "Tim Lovestrand",
          "Tim Mentink",
          "Tom Penry",
          "Tom William Warren",
          "Toni Shuma",
          "Tracie Pogue",
          "Tricia Coffman",
          "Vicki Ivester",
          "Victoria G DeKraker",
          "Victor M Prieto",
          "Vivian Kamph",
          "Vivian Richardson",
          "Ward Pyles",
          "Warren Blaisdell",
          "Wayne Homer",
          "Wendy Coleman",
          "Wendy Colon",
          "Wilbur Zirk",
          "Wil Gipson",
          "William Carson",
          "William Cline",
          "William Dickerson",
          "William Smitherman",
          "William Wilder",
          "Yvonne Tallent",
        ],
        "creator": "Door43 World Missions Community",
        "description": "Open-licensed exegetical notes that provide historical, cultural, and linguistic information for translators. It provides translators and checkers with pertinent, just-in-time information to help them make the best possible translation decisions.",
        "format": "text/tsv",
        "identifier": "tn",
        "issued": "2019-05-21",
        "language": Object {
          "direction": "ltr",
          "identifier": "en",
          "title": "English",
        },
        "modified": "2019-05-21",
        "publisher": "unfoldingWord",
        "relation": Array [
          "en/ult",
          "en/ust",
        ],
        "rights": "CC BY-SA 4.0",
        "source": Array [
          Object {
            "identifier": "tn",
            "language": "en",
            "version": "15",
          },
        ],
        "subject": "TSV Translation Notes",
        "title": "unfoldingWord® Translation Notes",
        "type": "help",
        "version": "15",
      },
      "projects": Array [
        Object {
          "categories": Array [
            "bible-ot",
          ],
          "identifier": "gen",
          "path": "./en_tn_01-GEN.tsv",
          "sort": 1,
          "title": "Genesis unfoldingWord® Translation Notes",
          "versification": "",
        },
        Object {
          "categories": Array [
            "bible-ot",
          ],
          "identifier": "exo",
          "path": "./en_tn_02-EXO.tsv",
          "sort": 2,
          "title": "Exodus unfoldingWord® Translation Notes",
          "versification": "",
        },
        Object {
          "categories": Array [
            "bible-ot",
          ],
          "identifier": "lev",
          "path": "./en_tn_03-LEV.tsv",
          "sort": 3,
          "title": "Leviticus unfoldingWord® Translation Notes",
          "versification": "",
        },
        Object {
          "categories": Array [
            "bible-ot",
          ],
          "identifier": "num",
          "path": "./en_tn_04-NUM.tsv",
          "sort": 4,
          "title": "Numbers unfoldingWord® Translation Notes",
          "versification": "",
        },
        Object {
          "categories": Array [
            "bible-ot",
          ],
          "identifier": "deu",
          "path": "./en_tn_05-DEU.tsv",
          "sort": 5,
          "title": "Deuteronomy unfoldingWord® Translation Notes",
          "versification": "",
        },
        Object {
          "categories": Array [
            "bible-ot",
          ],
          "identifier": "jos",
          "path": "./en_tn_06-JOS.tsv",
          "sort": 6,
          "title": "Joshua unfoldingWord® Translation Notes",
          "versification": "",
        },
        Object {
          "categories": Array [
            "bible-ot",
          ],
          "identifier": "jdg",
          "path": "./en_tn_07-JDG.tsv",
          "sort": 7,
          "title": "Judges unfoldingWord® Translation Notes",
          "versification": "",
        },
        Object {
          "categories": Array [
            "bible-ot",
          ],
          "identifier": "rut",
          "path": "./en_tn_08-RUT.tsv",
          "sort": 8,
          "title": "Ruth unfoldingWord® Translation Notes",
          "versification": "",
        },
        Object {
          "categories": Array [
            "bible-ot",
          ],
          "identifier": "1sa",
          "path": "./en_tn_09-1SA.tsv",
          "sort": 9,
          "title": "1 Samuel unfoldingWord® Translation Notes",
          "versification": "",
        },
        Object {
          "categories": Array [
            "bible-ot",
          ],
          "identifier": "2sa",
          "path": "./en_tn_10-2SA.tsv",
          "sort": 10,
          "title": "2 Samuel unfoldingWord® Translation Notes",
          "versification": "",
        },
        Object {
          "categories": Array [
            "bible-ot",
          ],
          "identifier": "1ki",
          "path": "./en_tn_11-1KI.tsv",
          "sort": 11,
          "title": "1 Kings unfoldingWord® Translation Notes",
          "versification": "",
        },
        Object {
          "categories": Array [
            "bible-ot",
          ],
          "identifier": "2ki",
          "path": "./en_tn_12-2KI.tsv",
          "sort": 12,
          "title": "2 Kings unfoldingWord® Translation Notes",
          "versification": "",
        },
        Object {
          "categories": Array [
            "bible-ot",
          ],
          "identifier": "1ch",
          "path": "./en_tn_13-1CH.tsv",
          "sort": 13,
          "title": "1 Chronicles unfoldingWord® Translation Notes",
          "versification": "",
        },
        Object {
          "categories": Array [
            "bible-ot",
          ],
          "identifier": "2ch",
          "path": "./en_tn_14-2CH.tsv",
          "sort": 14,
          "title": "2 Chronicles unfoldingWord® Translation Notes",
          "versification": "",
        },
        Object {
          "categories": Array [
            "bible-ot",
          ],
          "identifier": "ezr",
          "path": "./en_tn_15-EZR.tsv",
          "sort": 15,
          "title": "Ezra unfoldingWord® Translation Notes",
          "versification": "",
        },
        Object {
          "categories": Array [
            "bible-ot",
          ],
          "identifier": "neh",
          "path": "./en_tn_16-NEH.tsv",
          "sort": 16,
          "title": "Nehemiah unfoldingWord® Translation Notes",
          "versification": "",
        },
        Object {
          "categories": Array [
            "bible-ot",
          ],
          "identifier": "est",
          "path": "./en_tn_17-EST.tsv",
          "sort": 17,
          "title": "Esther unfoldingWord® Translation Notes",
          "versification": "",
        },
        Object {
          "categories": Array [
            "bible-ot",
          ],
          "identifier": "job",
          "path": "./en_tn_18-JOB.tsv",
          "sort": 18,
          "title": "Job unfoldingWord® Translation Notes",
          "versification": "",
        },
        Object {
          "categories": Array [
            "bible-ot",
          ],
          "identifier": "psa",
          "path": "./en_tn_19-PSA.tsv",
          "sort": 19,
          "title": "Psalms unfoldingWord® Translation Notes",
          "versification": "",
        },
        Object {
          "categories": Array [
            "bible-ot",
          ],
          "identifier": "pro",
          "path": "./en_tn_20-PRO.tsv",
          "sort": 20,
          "title": "Proverbs unfoldingWord® Translation Notes",
          "versification": "",
        },
        Object {
          "categories": Array [
            "bible-ot",
          ],
          "identifier": "ecc",
          "path": "./en_tn_21-ECC.tsv",
          "sort": 21,
          "title": "Ecclesiastes unfoldingWord® Translation Notes",
          "versification": "",
        },
        Object {
          "categories": Array [
            "bible-ot",
          ],
          "identifier": "sng",
          "path": "./en_tn_22-SNG.tsv",
          "sort": 22,
          "title": "Song of Solomon unfoldingWord® Translation Notes",
          "versification": "",
        },
        Object {
          "categories": Array [
            "bible-ot",
          ],
          "identifier": "isa",
          "path": "./en_tn_23-ISA.tsv",
          "sort": 23,
          "title": "Isaiah unfoldingWord® Translation Notes",
          "versification": "",
        },
        Object {
          "categories": Array [
            "bible-ot",
          ],
          "identifier": "jer",
          "path": "./en_tn_24-JER.tsv",
          "sort": 24,
          "title": "Jeremiah unfoldingWord® Translation Notes",
          "versification": "",
        },
        Object {
          "categories": Array [
            "bible-ot",
          ],
          "identifier": "lam",
          "path": "./en_tn_25-LAM.tsv",
          "sort": 25,
          "title": "Lamentations unfoldingWord® Translation Notes",
          "versification": "",
        },
        Object {
          "categories": Array [
            "bible-ot",
          ],
          "identifier": "ezk",
          "path": "./en_tn_26-EZK.tsv",
          "sort": 26,
          "title": "Ezekiel unfoldingWord® Translation Notes",
          "versification": "",
        },
        Object {
          "categories": Array [
            "bible-ot",
          ],
          "identifier": "dan",
          "path": "./en_tn_27-DAN.tsv",
          "sort": 27,
          "title": "Daniel unfoldingWord® Translation Notes",
          "versification": "",
        },
        Object {
          "categories": Array [
            "bible-ot",
          ],
          "identifier": "hos",
          "path": "./en_tn_28-HOS.tsv",
          "sort": 28,
          "title": "Hosea unfoldingWord® Translation Notes",
          "versification": "",
        },
        Object {
          "categories": Array [
            "bible-ot",
          ],
          "identifier": "jol",
          "path": "./en_tn_29-JOL.tsv",
          "sort": 29,
          "title": "Joel unfoldingWord® Translation Notes",
          "versification": "",
        },
        Object {
          "categories": Array [
            "bible-ot",
          ],
          "identifier": "amo",
          "path": "./en_tn_30-AMO.tsv",
          "sort": 30,
          "title": "Amos unfoldingWord® Translation Notes",
          "versification": "",
        },
        Object {
          "categories": Array [
            "bible-ot",
          ],
          "identifier": "oba",
          "path": "./en_tn_31-OBA.tsv",
          "sort": 31,
          "title": "Obadiah unfoldingWord® Translation Notes",
          "versification": "",
        },
        Object {
          "categories": Array [
            "bible-ot",
          ],
          "identifier": "jon",
          "path": "./en_tn_32-JON.tsv",
          "sort": 32,
          "title": "Jonah unfoldingWord® Translation Notes",
          "versification": "",
        },
        Object {
          "categories": Array [
            "bible-ot",
          ],
          "identifier": "mic",
          "path": "./en_tn_33-MIC.tsv",
          "sort": 33,
          "title": "Micah unfoldingWord® Translation Notes",
          "versification": "",
        },
        Object {
          "categories": Array [
            "bible-ot",
          ],
          "identifier": "nam",
          "path": "./en_tn_34-NAM.tsv",
          "sort": 34,
          "title": "Nahum unfoldingWord® Translation Notes",
          "versification": "",
        },
        Object {
          "categories": Array [
            "bible-ot",
          ],
          "identifier": "hab",
          "path": "./en_tn_35-HAB.tsv",
          "sort": 35,
          "title": "Habakkuk unfoldingWord® Translation Notes",
          "versification": "",
        },
        Object {
          "categories": Array [
            "bible-ot",
          ],
          "identifier": "zep",
          "path": "./en_tn_36-ZEP.tsv",
          "sort": 36,
          "title": "Zephaniah unfoldingWord® Translation Notes",
          "versification": "",
        },
        Object {
          "categories": Array [
            "bible-ot",
          ],
          "identifier": "hag",
          "path": "./en_tn_37-HAG.tsv",
          "sort": 37,
          "title": "Haggai unfoldingWord® Translation Notes",
          "versification": "",
        },
        Object {
          "categories": Array [
            "bible-ot",
          ],
          "identifier": "zec",
          "path": "./en_tn_38-ZEC.tsv",
          "sort": 38,
          "title": "Zechariah unfoldingWord® Translation Notes",
          "versification": "",
        },
        Object {
          "categories": Array [
            "bible-ot",
          ],
          "identifier": "mal",
          "path": "./en_tn_39-MAL.tsv",
          "sort": 39,
          "title": "Malachi unfoldingWord® Translation Notes",
          "versification": "",
        },
        Object {
          "categories": Array [
            "bible-nt",
          ],
          "identifier": "mat",
          "path": "./en_tn_41-MAT.tsv",
          "sort": 40,
          "title": "Matthew unfoldingWord® Translation Notes",
          "versification": "",
        },
        Object {
          "categories": Array [
            "bible-nt",
          ],
          "identifier": "mrk",
          "path": "./en_tn_42-MRK.tsv",
          "sort": 41,
          "title": "Mark unfoldingWord® Translation Notes",
          "versification": "",
        },
        Object {
          "categories": Array [
            "bible-nt",
          ],
          "identifier": "luk",
          "path": "./en_tn_43-LUK.tsv",
          "sort": 42,
          "title": "Luke unfoldingWord® Translation Notes",
          "versification": "",
        },
        Object {
          "categories": Array [
            "bible-nt",
          ],
          "identifier": "jhn",
          "path": "./en_tn_44-JHN.tsv",
          "sort": 43,
          "title": "John unfoldingWord® Translation Notes",
          "versification": "",
        },
        Object {
          "categories": Array [
            "bible-nt",
          ],
          "identifier": "act",
          "path": "./en_tn_45-ACT.tsv",
          "sort": 44,
          "title": "Acts unfoldingWord® Translation Notes",
          "versification": "",
        },
        Object {
          "categories": Array [
            "bible-nt",
          ],
          "identifier": "rom",
          "path": "./en_tn_46-ROM.tsv",
          "sort": 45,
          "title": "Romans unfoldingWord® Translation Notes",
          "versification": "",
        },
        Object {
          "categories": Array [
            "bible-nt",
          ],
          "identifier": "1co",
          "path": "./en_tn_47-1CO.tsv",
          "sort": 46,
          "title": "1 Corinthians unfoldingWord® Translation Notes",
          "versification": "",
        },
        Object {
          "categories": Array [
            "bible-nt",
          ],
          "identifier": "2co",
          "path": "./en_tn_48-2CO.tsv",
          "sort": 47,
          "title": "2 Corinthians unfoldingWord® Translation Notes",
          "versification": "",
        },
        Object {
          "categories": Array [
            "bible-nt",
          ],
          "identifier": "gal",
          "path": "./en_tn_49-GAL.tsv",
          "sort": 48,
          "title": "Galatians unfoldingWord® Translation Notes",
          "versification": "",
        },
        Object {
          "categories": Array [
            "bible-nt",
          ],
          "identifier": "eph",
          "path": "./en_tn_50-EPH.tsv",
          "sort": 49,
          "title": "Ephesians unfoldingWord® Translation Notes",
          "versification": "",
        },
        Object {
          "categories": Array [
            "bible-nt",
          ],
          "identifier": "php",
          "path": "./en_tn_51-PHP.tsv",
          "sort": 50,
          "title": "Philippians unfoldingWord® Translation Notes",
          "versification": "",
        },
        Object {
          "categories": Array [
            "bible-nt",
          ],
          "identifier": "col",
          "path": "./en_tn_52-COL.tsv",
          "sort": 51,
          "title": "Colossians unfoldingWord® Translation Notes",
          "versification": "",
        },
        Object {
          "categories": Array [
            "bible-nt",
          ],
          "identifier": "1th",
          "path": "./en_tn_53-1TH.tsv",
          "sort": 52,
          "title": "1 Thessalonians unfoldingWord® Translation Notes",
          "versification": "",
        },
        Object {
          "categories": Array [
            "bible-nt",
          ],
          "identifier": "2th",
          "path": "./en_tn_54-2TH.tsv",
          "sort": 53,
          "title": "2 Thessalonians unfoldingWord® Translation Notes",
          "versification": "",
        },
        Object {
          "categories": Array [
            "bible-nt",
          ],
          "identifier": "1ti",
          "path": "./en_tn_55-1TI.tsv",
          "sort": 54,
          "title": "1 Timothy unfoldingWord® Translation Notes",
          "versification": "",
        },
        Object {
          "categories": Array [
            "bible-nt",
          ],
          "identifier": "2ti",
          "path": "./en_tn_56-2TI.tsv",
          "sort": 55,
          "title": "2 Timothy unfoldingWord® Translation Notes",
          "versification": "",
        },
        Object {
          "categories": Array [
            "bible-nt",
          ],
          "identifier": "tit",
          "path": "./en_tn_57-TIT.tsv",
          "sort": 56,
          "title": "Titus unfoldingWord® Translation Notes",
          "versification": "",
        },
        Object {
          "categories": Array [
            "bible-nt",
          ],
          "identifier": "phm",
          "path": "./en_tn_58-PHM.tsv",
          "sort": 57,
          "title": "Philemon unfoldingWord® Translation Notes",
          "versification": "",
        },
        Object {
          "categories": Array [
            "bible-nt",
          ],
          "identifier": "heb",
          "path": "./en_tn_59-HEB.tsv",
          "sort": 58,
          "title": "Hebrews unfoldingWord® Translation Notes",
          "versification": "",
        },
        Object {
          "categories": Array [
            "bible-nt",
          ],
          "identifier": "jas",
          "path": "./en_tn_60-JAS.tsv",
          "sort": 59,
          "title": "James unfoldingWord® Translation Notes",
          "versification": "",
        },
        Object {
          "categories": Array [
            "bible-nt",
          ],
          "identifier": "1pe",
          "path": "./en_tn_61-1PE.tsv",
          "sort": 60,
          "title": "1 Peter unfoldingWord® Translation Notes",
          "versification": "",
        },
        Object {
          "categories": Array [
            "bible-nt",
          ],
          "identifier": "2pe",
          "path": "./en_tn_62-2PE.tsv",
          "sort": 61,
          "title": "2 Peter unfoldingWord® Translation Notes",
          "versification": "",
        },
        Object {
          "categories": Array [
            "bible-nt",
          ],
          "identifier": "1jn",
          "path": "./en_tn_63-1JN.tsv",
          "sort": 62,
          "title": "1 John unfoldingWord® Translation Notes",
          "versification": "",
        },
        Object {
          "categories": Array [
            "bible-nt",
          ],
          "identifier": "2jn",
          "path": "./en_tn_64-2JN.tsv",
          "sort": 63,
          "title": "2 John unfoldingWord® Translation Notes",
          "versification": "",
        },
        Object {
          "categories": Array [
            "bible-nt",
          ],
          "identifier": "3jn",
          "path": "./en_tn_65-3JN.tsv",
          "sort": 64,
          "title": "3 John unfoldingWord® Translation Notes",
          "versification": "",
        },
        Object {
          "categories": Array [
            "bible-nt",
          ],
          "identifier": "jud",
          "path": "./en_tn_66-JUD.tsv",
          "sort": 65,
          "title": "Jude unfoldingWord® Translation Notes",
          "versification": "",
        },
        Object {
          "categories": Array [
            "bible-nt",
          ],
          "identifier": "rev",
          "path": "./en_tn_67-REV.tsv",
          "sort": 66,
          "title": "Revelation unfoldingWord® Translation Notes",
          "versification": "",
        },
      ],
    },
    "modifiedTime": "2019-05-21T19:48:33+00:00",
    "owner": "Door43-Catalog",
    "resourceId": "tn",
    "version": "v15",
  },
  Object {
    "languageId": "en",
    "manifest": Object {
      "catalog_modified_time": "2019-05-17T19:25:28+00:00",
      "checking": Object {
        "checking_entity": Array [
          "unfoldingWord",
        ],
        "checking_level": "3",
      },
      "dublin_core": Object {
        "conformsto": "rc0.2",
        "contributor": Array [
          "Andrew Belcher",
          "David Book",
          "Jesse Griffin, BA Biblical Studies, MA Biblical Languages",
          "Henry Whitney, Bible translator, Papua New Guinea, 1982–2000",
          "Larry Sallee, Th.M Dallas Theological Seminary, D.Min. Columbia Biblical Seminary",
          "Lizz Carlton",
          "Jan Zanutto",
          "Matthew Latham",
          "Perry Oakes, PhD in Old Testament, MA in Linguistics",
          "Richard Joki",
          "Door43 World Missions Community",
        ],
        "creator": "Door43 World Missions Community",
        "description": "A basic Bible lexicon that provides translators with clear, concise definitions and translation suggestions for every important word in the Bible. It provides translators and checkers with essential lexical information to help them make the best possible translation decisions.",
        "format": "text/markdown",
        "identifier": "tw",
        "issued": "2019-05-17",
        "language": Object {
          "direction": "ltr",
          "identifier": "en",
          "title": "English",
        },
        "modified": "2019-05-17",
        "publisher": "unfoldingWord",
        "relation": Array [
          "en/ult",
          "en/ust",
          "en/obs",
          "en/tn",
          "en/tq",
        ],
        "rights": "CC BY-SA 4.0",
        "source": Array [
          Object {
            "identifier": "tw",
            "language": "en",
            "version": "10",
          },
        ],
        "subject": "Translation Words",
        "title": "unfoldingWord® Translation Words",
        "type": "dict",
        "version": "10",
      },
      "projects": Array [
        Object {
          "categories": null,
          "identifier": "bible",
          "path": "./bible",
          "sort": 0,
          "title": "unfoldingWord® Translation Words",
          "versification": null,
        },
      ],
    },
    "modifiedTime": "2019-05-17T19:25:28+00:00",
    "owner": "Door43-Catalog",
    "resourceId": "tw",
    "version": "v10",
  },
  Object {
    "languageId": "el-x-koine",
    "manifest": Object {
      "checking": Object {
        "checking_entity": Array [
          "unfoldingWord",
        ],
        "checking_level": "2",
      },
      "description": "Original Language",
      "direction": "ltr",
      "dublin_core": Object {
        "conformsto": "rc0.2",
        "contributor": Array [
          "Jesse Griffin (BA Biblical Studies, Liberty University; MA Biblical Languages, Gordon-Conwell Theological Seminary)",
          "Todd L. Price (BA Biblical Languages, Calvary Bible College; MA Biblical Languages, Midwestern Baptist Theological Seminary; PhD Corpus Linguistics & New Testament, London School of Theology)",
          "Perry Oakes (BA Biblical Studies, Taylor University; MA Theology, Fuller Seminary; MA Linguistics, University of Texas at Arlington; PhD Old Testament, Southwestern Baptist Theological Seminary)",
          "Larry Sallee (Th.M Dallas Theological Seminary, D.Min. Columbia Biblical Seminary)",
          "Dave Statezni",
          "Door43 World Missions Community",
        ],
        "creator": "unfoldingWord",
        "description": "An open-licensed, lexically tagged, morphologically parsed critical Greek New Testament with full apparatus. It enables the global Church to have access to the original texts of the New Testament.",
        "format": "text/usfm3",
        "identifier": "ugnt",
        "issued": "2018-08-02",
        "language": Object {
          "direction": "ltr",
          "identifier": "el-x-koine",
          "title": "Koine Greek",
        },
        "modified": "2018-08-02",
        "publisher": "unfoldingWord",
        "relation": Array [
          "en/ult",
          "en/ust",
        ],
        "rights": "CC BY-SA 4.0",
        "source": Array [
          Object {
            "identifier": "bhp",
            "language": "el-x-koine",
            "version": "0",
          },
        ],
        "subject": "Greek New Testament",
        "title": "unfoldingWord Greek New Testament",
        "type": "bundle",
        "version": "0.2",
      },
      "language_id": "el-x-koine",
      "language_name": "Koine Greek",
      "projects": Array [
        Object {
          "categories": Array [
            "bible-nt",
          ],
          "identifier": "mat",
          "path": "./41-MAT.usfm",
          "sort": 40,
          "title": "Matthew",
          "versification": "ufw",
        },
        Object {
          "categories": Array [
            "bible-nt",
          ],
          "identifier": "mrk",
          "path": "./42-MRK.usfm",
          "sort": 41,
          "title": "Mark",
          "versification": "ufw",
        },
        Object {
          "categories": Array [
            "bible-nt",
          ],
          "identifier": "luk",
          "path": "./43-LUK.usfm",
          "sort": 42,
          "title": "Luke",
          "versification": "ufw",
        },
        Object {
          "categories": Array [
            "bible-nt",
          ],
          "identifier": "jhn",
          "path": "./44-JHN.usfm",
          "sort": 43,
          "title": "John",
          "versification": "ufw",
        },
        Object {
          "categories": Array [
            "bible-nt",
          ],
          "identifier": "act",
          "path": "./45-ACT.usfm",
          "sort": 44,
          "title": "Acts",
          "versification": "ufw",
        },
        Object {
          "categories": Array [
            "bible-nt",
          ],
          "identifier": "rom",
          "path": "./46-ROM.usfm",
          "sort": 45,
          "title": "Romans",
          "versification": "ufw",
        },
        Object {
          "categories": Array [
            "bible-nt",
          ],
          "identifier": "1co",
          "path": "./47-1CO.usfm",
          "sort": 46,
          "title": "1 Corinthians",
          "versification": "ufw",
        },
        Object {
          "categories": Array [
            "bible-nt",
          ],
          "identifier": "2co",
          "path": "./48-2CO.usfm",
          "sort": 47,
          "title": "2 Corinthians",
          "versification": "ufw",
        },
        Object {
          "categories": Array [
            "bible-nt",
          ],
          "identifier": "gal",
          "path": "./49-GAL.usfm",
          "sort": 48,
          "title": "Galatians",
          "versification": "ufw",
        },
        Object {
          "categories": Array [
            "bible-nt",
          ],
          "identifier": "eph",
          "path": "./50-EPH.usfm",
          "sort": 49,
          "title": "Ephesians",
          "versification": "ufw",
        },
        Object {
          "categories": Array [
            "bible-nt",
          ],
          "identifier": "php",
          "path": "./51-PHP.usfm",
          "sort": 50,
          "title": "Philippians",
          "versification": "ufw",
        },
        Object {
          "categories": Array [
            "bible-nt",
          ],
          "identifier": "col",
          "path": "./52-COL.usfm",
          "sort": 51,
          "title": "Colossians",
          "versification": "ufw",
        },
        Object {
          "categories": Array [
            "bible-nt",
          ],
          "identifier": "1th",
          "path": "./53-1TH.usfm",
          "sort": 52,
          "title": "1 Thessalonians",
          "versification": "ufw",
        },
        Object {
          "categories": Array [
            "bible-nt",
          ],
          "identifier": "2th",
          "path": "./54-2TH.usfm",
          "sort": 53,
          "title": "2 Thessalonians",
          "versification": "ufw",
        },
        Object {
          "categories": Array [
            "bible-nt",
          ],
          "identifier": "1ti",
          "path": "./55-1TI.usfm",
          "sort": 54,
          "title": "1 Timothy",
          "versification": "ufw",
        },
        Object {
          "categories": Array [
            "bible-nt",
          ],
          "identifier": "2ti",
          "path": "./56-2TI.usfm",
          "sort": 55,
          "title": "2 Timothy",
          "versification": "ufw",
        },
        Object {
          "categories": Array [
            "bible-nt",
          ],
          "identifier": "tit",
          "path": "./57-TIT.usfm",
          "sort": 56,
          "title": "Titus",
          "versification": "ufw",
        },
        Object {
          "categories": Array [
            "bible-nt",
          ],
          "identifier": "phm",
          "path": "./58-PHM.usfm",
          "sort": 57,
          "title": "Philemon",
          "versification": "ufw",
        },
        Object {
          "categories": Array [
            "bible-nt",
          ],
          "identifier": "heb",
          "path": "./59-HEB.usfm",
          "sort": 58,
          "title": "Hebrews",
          "versification": "ufw",
        },
        Object {
          "categories": Array [
            "bible-nt",
          ],
          "identifier": "jas",
          "path": "./60-JAS.usfm",
          "sort": 59,
          "title": "James",
          "versification": "ufw",
        },
        Object {
          "categories": Array [
            "bible-nt",
          ],
          "identifier": "1pe",
          "path": "./61-1PE.usfm",
          "sort": 60,
          "title": "1 Peter",
          "versification": "ufw",
        },
        Object {
          "categories": Array [
            "bible-nt",
          ],
          "identifier": "2pe",
          "path": "./62-2PE.usfm",
          "sort": 61,
          "title": "2 Peter",
          "versification": "ufw",
        },
        Object {
          "categories": Array [
            "bible-nt",
          ],
          "identifier": "1jn",
          "path": "./63-1JN.usfm",
          "sort": 62,
          "title": "1 John",
          "versification": "ufw",
        },
        Object {
          "categories": Array [
            "bible-nt",
          ],
          "identifier": "2jn",
          "path": "./64-2JN.usfm",
          "sort": 63,
          "title": "2 John",
          "versification": "ufw",
        },
        Object {
          "categories": Array [
            "bible-nt",
          ],
          "identifier": "3jn",
          "path": "./65-3JN.usfm",
          "sort": 64,
          "title": "3 John",
          "versification": "ufw",
        },
        Object {
          "categories": Array [
            "bible-nt",
          ],
          "identifier": "jud",
          "path": "./66-JUD.usfm",
          "sort": 65,
          "title": "Jude",
          "versification": "ufw",
        },
        Object {
          "categories": Array [
            "bible-nt",
          ],
          "identifier": "rev",
          "path": "./67-REV.usfm",
          "sort": 66,
          "title": "Revelation",
          "versification": "ufw",
        },
      ],
      "resource_id": "ugnt",
      "resource_title": "unfoldingWord Greek New Testament",
      "subject": "Greek New Testament",
    },
    "modifiedTime": undefined,
    "owner": "Door43-Catalog",
    "resourceId": "ugnt",
    "version": "v0.2",
  },
  Object {
    "languageId": "hbo",
    "manifest": Object {
      "checking": Object {
        "checking_entity": Array [
          "Alan Bunning",
          "unfoldingWord",
        ],
        "checking_level": "2",
      },
      "description": "Original Language",
      "direction": "rtl",
      "language_id": "he",
      "language_name": "Hebrew",
      "resource_id": "uhb",
      "resource_title": "Unlocked Hebrew Bible",
      "subject": "Bible",
    },
    "modifiedTime": undefined,
    "owner": "Door43-Catalog",
    "resourceId": "uhb",
    "version": "v0",
  },
]
`;
