// Jest Snapshot v1, https://goo.gl/fbAQLP

exports[`MyProjects component renders correctly MyProjects component render should match snapshot 1`] = `
ShallowWrapper {
  "length": 1,
  Symbol(enzyme.__root__): [Circular],
  Symbol(enzyme.__unrendered__): <MyProjects
    actions={
      Object {
        "selectProject": [Function],
      }
    }
    myProjects={
      Array [
        Object {
          "accessTimeAgo": "5 days ago",
          "bookAbbr": "1co",
          "bookName": "1 Corinthians",
          "isSelected": false,
          "projectName": "en_1co_ulb",
          "projectSaveLocation": "<TEMP_DIR>/en_1co_ulb",
          "target_language": Object {
            "id": "en",
            "name": "English",
          },
        },
        Object {
          "accessTimeAgo": "6 days ago",
          "bookAbbr": "tit",
          "bookName": "Titus",
          "isSelected": false,
          "projectName": "hi_tit",
          "projectSaveLocation": "<TEMP_DIR>/hi_tit",
          "target_language": Object {
            "id": "hi",
            "name": "Hindi",
          },
        },
      ]
    }
    translate={[Function]}
    user={
      Object {
        "username": "manny-test",
      }
    }
  />,
  Symbol(enzyme.__renderer__): Object {
    "batchedUpdates": [Function],
    "getNode": [Function],
    "render": [Function],
    "simulateEvent": [Function],
    "unmount": [Function],
  },
  Symbol(enzyme.__node__): Object {
    "instance": null,
    "key": undefined,
    "nodeType": "host",
    "props": Object {
      "children": Array [
        "projects.projects",
        <div
          style={
            Object {
              "height": "100%",
              "overflowY": "auto",
              "paddingRight": "10px",
            }
          }
        >
          <ProjectCard
            onSelect={[Function]}
            projectDetails={
              Object {
                "accessTimeAgo": "5 days ago",
                "bookAbbr": "1co",
                "bookName": "1 Corinthians",
                "isSelected": false,
                "projectName": "en_1co_ulb",
                "projectSaveLocation": "<TEMP_DIR>/en_1co_ulb",
                "target_language": Object {
                  "id": "en",
                  "name": "English",
                },
              }
            }
            translate={[Function]}
            user={
              Object {
                "username": "manny-test",
              }
            }
          />
          <ProjectCard
            onSelect={[Function]}
            projectDetails={
              Object {
                "accessTimeAgo": "6 days ago",
                "bookAbbr": "tit",
                "bookName": "Titus",
                "isSelected": false,
                "projectName": "hi_tit",
                "projectSaveLocation": "<TEMP_DIR>/hi_tit",
                "target_language": Object {
                  "id": "hi",
                  "name": "Hindi",
                },
              }
            }
            translate={[Function]}
            user={
              Object {
                "username": "manny-test",
              }
            }
          />
        </div>,
      ],
      "style": Object {
        "height": "100%",
      },
    },
    "ref": null,
    "rendered": Array [
      "projects.projects",
      Object {
        "instance": null,
        "key": undefined,
        "nodeType": "host",
        "props": Object {
          "children": Array [
            <ProjectCard
              onSelect={[Function]}
              projectDetails={
                Object {
                  "accessTimeAgo": "5 days ago",
                  "bookAbbr": "1co",
                  "bookName": "1 Corinthians",
                  "isSelected": false,
                  "projectName": "en_1co_ulb",
                  "projectSaveLocation": "<TEMP_DIR>/en_1co_ulb",
                  "target_language": Object {
                    "id": "en",
                    "name": "English",
                  },
                }
              }
              translate={[Function]}
              user={
                Object {
                  "username": "manny-test",
                }
              }
            />,
            <ProjectCard
              onSelect={[Function]}
              projectDetails={
                Object {
                  "accessTimeAgo": "6 days ago",
                  "bookAbbr": "tit",
                  "bookName": "Titus",
                  "isSelected": false,
                  "projectName": "hi_tit",
                  "projectSaveLocation": "<TEMP_DIR>/hi_tit",
                  "target_language": Object {
                    "id": "hi",
                    "name": "Hindi",
                  },
                }
              }
              translate={[Function]}
              user={
                Object {
                  "username": "manny-test",
                }
              }
            />,
          ],
          "style": Object {
            "height": "100%",
            "overflowY": "auto",
            "paddingRight": "10px",
          },
        },
        "ref": null,
        "rendered": Array [
          Object {
            "instance": null,
            "key": "0",
            "nodeType": "class",
            "props": Object {
              "onSelect": [Function],
              "projectDetails": Object {
                "accessTimeAgo": "5 days ago",
                "bookAbbr": "1co",
                "bookName": "1 Corinthians",
                "isSelected": false,
                "projectName": "en_1co_ulb",
                "projectSaveLocation": "<TEMP_DIR>/en_1co_ulb",
                "target_language": Object {
                  "id": "en",
                  "name": "English",
                },
              },
              "translate": [Function],
              "user": Object {
                "username": "manny-test",
              },
            },
            "ref": null,
            "rendered": null,
            "type": [Function],
          },
          Object {
            "instance": null,
            "key": "1",
            "nodeType": "class",
            "props": Object {
              "onSelect": [Function],
              "projectDetails": Object {
                "accessTimeAgo": "6 days ago",
                "bookAbbr": "tit",
                "bookName": "Titus",
                "isSelected": false,
                "projectName": "hi_tit",
                "projectSaveLocation": "<TEMP_DIR>/hi_tit",
                "target_language": Object {
                  "id": "hi",
                  "name": "Hindi",
                },
              },
              "translate": [Function],
              "user": Object {
                "username": "manny-test",
              },
            },
            "ref": null,
            "rendered": null,
            "type": [Function],
          },
        ],
        "type": "div",
      },
    ],
    "type": "div",
  },
  Symbol(enzyme.__nodes__): Array [
    Object {
      "instance": null,
      "key": undefined,
      "nodeType": "host",
      "props": Object {
        "children": Array [
          "projects.projects",
          <div
            style={
              Object {
                "height": "100%",
                "overflowY": "auto",
                "paddingRight": "10px",
              }
            }
          >
            <ProjectCard
              onSelect={[Function]}
              projectDetails={
                Object {
                  "accessTimeAgo": "5 days ago",
                  "bookAbbr": "1co",
                  "bookName": "1 Corinthians",
                  "isSelected": false,
                  "projectName": "en_1co_ulb",
                  "projectSaveLocation": "<TEMP_DIR>/en_1co_ulb",
                  "target_language": Object {
                    "id": "en",
                    "name": "English",
                  },
                }
              }
              translate={[Function]}
              user={
                Object {
                  "username": "manny-test",
                }
              }
            />
            <ProjectCard
              onSelect={[Function]}
              projectDetails={
                Object {
                  "accessTimeAgo": "6 days ago",
                  "bookAbbr": "tit",
                  "bookName": "Titus",
                  "isSelected": false,
                  "projectName": "hi_tit",
                  "projectSaveLocation": "<TEMP_DIR>/hi_tit",
                  "target_language": Object {
                    "id": "hi",
                    "name": "Hindi",
                  },
                }
              }
              translate={[Function]}
              user={
                Object {
                  "username": "manny-test",
                }
              }
            />
          </div>,
        ],
        "style": Object {
          "height": "100%",
        },
      },
      "ref": null,
      "rendered": Array [
        "projects.projects",
        Object {
          "instance": null,
          "key": undefined,
          "nodeType": "host",
          "props": Object {
            "children": Array [
              <ProjectCard
                onSelect={[Function]}
                projectDetails={
                  Object {
                    "accessTimeAgo": "5 days ago",
                    "bookAbbr": "1co",
                    "bookName": "1 Corinthians",
                    "isSelected": false,
                    "projectName": "en_1co_ulb",
                    "projectSaveLocation": "<TEMP_DIR>/en_1co_ulb",
                    "target_language": Object {
                      "id": "en",
                      "name": "English",
                    },
                  }
                }
                translate={[Function]}
                user={
                  Object {
                    "username": "manny-test",
                  }
                }
              />,
              <ProjectCard
                onSelect={[Function]}
                projectDetails={
                  Object {
                    "accessTimeAgo": "6 days ago",
                    "bookAbbr": "tit",
                    "bookName": "Titus",
                    "isSelected": false,
                    "projectName": "hi_tit",
                    "projectSaveLocation": "<TEMP_DIR>/hi_tit",
                    "target_language": Object {
                      "id": "hi",
                      "name": "Hindi",
                    },
                  }
                }
                translate={[Function]}
                user={
                  Object {
                    "username": "manny-test",
                  }
                }
              />,
            ],
            "style": Object {
              "height": "100%",
              "overflowY": "auto",
              "paddingRight": "10px",
            },
          },
          "ref": null,
          "rendered": Array [
            Object {
              "instance": null,
              "key": "0",
              "nodeType": "class",
              "props": Object {
                "onSelect": [Function],
                "projectDetails": Object {
                  "accessTimeAgo": "5 days ago",
                  "bookAbbr": "1co",
                  "bookName": "1 Corinthians",
                  "isSelected": false,
                  "projectName": "en_1co_ulb",
                  "projectSaveLocation": "<TEMP_DIR>/en_1co_ulb",
                  "target_language": Object {
                    "id": "en",
                    "name": "English",
                  },
                },
                "translate": [Function],
                "user": Object {
                  "username": "manny-test",
                },
              },
              "ref": null,
              "rendered": null,
              "type": [Function],
            },
            Object {
              "instance": null,
              "key": "1",
              "nodeType": "class",
              "props": Object {
                "onSelect": [Function],
                "projectDetails": Object {
                  "accessTimeAgo": "6 days ago",
                  "bookAbbr": "tit",
                  "bookName": "Titus",
                  "isSelected": false,
                  "projectName": "hi_tit",
                  "projectSaveLocation": "<TEMP_DIR>/hi_tit",
                  "target_language": Object {
                    "id": "hi",
                    "name": "Hindi",
                  },
                },
                "translate": [Function],
                "user": Object {
                  "username": "manny-test",
                },
              },
              "ref": null,
              "rendered": null,
              "type": [Function],
            },
          ],
          "type": "div",
        },
      ],
      "type": "div",
    },
  ],
  Symbol(enzyme.__options__): Object {
    "adapter": ReactSixteenAdapter {
      "options": Object {
        "enableComponentDidUpdateOnSetState": true,
      },
    },
  },
}
`;

exports[`MyProjects shows instruction if no projects MyProjects component render should match snapshot 1`] = `
<div
  style={
    Object {
      "height": "100%",
    }
  }
>
  projects.projects
  <div
    style={
      Object {
        "height": "100%",
        "overflowY": "auto",
        "paddingRight": "10px",
      }
    }
  >
    <p>
      <br />
      <b>
        projects.no_projects_found
      </b>
    </p>
  </div>
</div>
`;
