// Jest Snapshot v1, https://goo.gl/fbAQLP

exports[`OnlineDialog Componenet Should render a component that matches snapshot 1`] = `
<div>
  <p
    style={
      Object {
        "fontSize": 15,
      }
    }
  >
    You are about to transmit data over the Internet.
    <br />
    Are you sure you want to do that?
  </p>
  <div
    style={
      Object {
        "display": "flex",
      }
    }
  >
    Do not show this warning again
  </div>
</div>
`;
