// Jest Snapshot v1, https://goo.gl/fbAQLP

exports[`Test ProjectCard component Comparing ProjectCard Component render should match snapshot 1`] = `
ShallowWrapper {
  Symbol(enzyme.__root__): [Circular],
  Symbol(enzyme.__unrendered__): <ProjectCard
    onSelect={[Function]}
    projectDetails={
      Object {
        "bookAbbr": "1co",
        "bookName": "1 Corinthians",
        "isSelected": false,
        "lastOpened": "2019-08-21T15:35:16.682Z",
        "projectName": "en_1co_ulb",
        "projectSaveLocation": "<TEMP_DIR>/en_1co_ulb",
        "target_language": Object {
          "id": "en",
          "name": "English",
        },
      }
    }
    translate={[Function]}
    user="johndoe"
  />,
  Symbol(enzyme.__renderer__): Object {
    "batchedUpdates": [Function],
    "checkPropTypes": [Function],
    "getNode": [Function],
    "render": [Function],
    "simulateError": [Function],
    "simulateEvent": [Function],
    "unmount": [Function],
  },
  Symbol(enzyme.__node__): Object {
    "instance": null,
    "key": undefined,
    "nodeType": "class",
    "props": Object {
      "content": <div
        style={
          Object {
            "display": "flex",
            "justifyContent": "space-between",
            "marginTop": "-10px",
          }
        }
      >
        <div
          style={
            Object {
              "display": "flex",
              "flexDirection": "column",
              "justifyContent": "space-between",
            }
          }
        >
          <Hint
            label="en_1co_ulb"
            position="bottom"
          >
            <strong
              style={
                Object {
                  "display": "block",
                  "fontSize": "x-large",
                  "maxWidth": 400,
                  "overflow": "hidden",
                  "textOverflow": "ellipsis",
                  "whiteSpace": "nowrap",
                }
              }
            >
               
              en_1co_ulb
               
            </strong>
          </Hint>
          <div
            style={
              Object {
                "display": "flex",
                "justifyContent": "space-between",
                "marginBottom": "6px",
                "width": "410px",
              }
            }
          >
            <table
              style={
                Object {
                  "width": "100%",
                }
              }
            >
              <tbody>
                <tr>
                  <td
                    style={
                      Object {
                        "verticalAlign": "top",
                        "width": "30%",
                      }
                    }
                  >
                    <table
                      style={
                        Object {
                          "width": "100%",
                        }
                      }
                    >
                      <tbody>
                        <tr>
                          <td
                            style={
                              Object {
                                "alignItems": "center",
                                "display": "flex",
                              }
                            }
                          >
                            <Glyphicon
                              bsClass="glyphicon"
                              glyph="time"
                              style={
                                Object {
                                  "marginRight": "5px",
                                  "top": "2px",
                                }
                              }
                            />
                             
                            5 days ago
                          </td>
                        </tr>
                      </tbody>
                    </table>
                  </td>
                  <td
                    style={
                      Object {
                        "verticalAlign": "top",
                        "width": "30%",
                      }
                    }
                  >
                    <table
                      style={
                        Object {
                          "width": "100%",
                        }
                      }
                    >
                      <tbody>
                        <tr>
                          <td
                            style={
                              Object {
                                "alignItems": "center",
                                "display": "flex",
                              }
                            }
                          >
                            <Glyphicon
                              bsClass="glyphicon"
                              glyph="book"
                              style={
                                Object {
                                  "marginRight": "5px",
                                  "top": "2px",
                                }
                              }
                            />
                             
                            <span>
                               
                              (1co) 1 Corinthians
                            </span>
                          </td>
                        </tr>
                      </tbody>
                    </table>
                  </td>
                  <td
                    style={
                      Object {
                        "verticalAlign": "top",
                        "width": "30%",
                      }
                    }
                  >
                    <table
                      style={
                        Object {
                          "width": "100%",
                        }
                      }
                    >
                      <tbody>
                        <tr>
                          <td
                            style={
                              Object {
                                "alignItems": "center",
                                "display": "flex",
                              }
                            }
                          >
                            <ActionTranslate
                              style={
                                Object {
                                  "alignSelf": "flex-start",
                                  "color": "#000000",
                                  "marginBottom": "5px",
                                  "marginRight": "5px",
                                  "minWidth": 22,
                                  "width": 22,
                                }
                              }
                            />
                             
                            <span>
                               
                              (en) English
                            </span>
                          </td>
                        </tr>
                      </tbody>
                    </table>
                  </td>
                </tr>
              </tbody>
            </table>
          </div>
        </div>
        <div
          style={
            Object {
              "display": "flex",
              "flexDirection": "column",
              "justifyContent": "space-between",
              "marginRight": "-6px",
              "textAlign": "right",
            }
          }
        >
          <Connect(ProjectCardMenu)
            projectSaveLocation="<TEMP_DIR>/en_1co_ulb"
            translate={[Function]}
            user="johndoe"
          />
          <div>
            <button
              className="btn-prime"
              disabled={false}
              onClick={[Function]}
              style={
                Object {
                  "marginBottom": "0",
                  "width": "90px",
                }
              }
            >
              buttons.select_button
            </button>
          </div>
        </div>
      </div>,
      "heading": <span />,
    },
    "ref": null,
    "rendered": null,
    "type": [Function],
  },
  Symbol(enzyme.__nodes__): Array [
    Object {
      "instance": null,
      "key": undefined,
      "nodeType": "class",
      "props": Object {
        "content": <div
          style={
            Object {
              "display": "flex",
              "justifyContent": "space-between",
              "marginTop": "-10px",
            }
          }
        >
          <div
            style={
              Object {
                "display": "flex",
                "flexDirection": "column",
                "justifyContent": "space-between",
              }
            }
          >
            <Hint
              label="en_1co_ulb"
              position="bottom"
            >
              <strong
                style={
                  Object {
                    "display": "block",
                    "fontSize": "x-large",
                    "maxWidth": 400,
                    "overflow": "hidden",
                    "textOverflow": "ellipsis",
                    "whiteSpace": "nowrap",
                  }
                }
              >
                 
                en_1co_ulb
                 
              </strong>
            </Hint>
            <div
              style={
                Object {
                  "display": "flex",
                  "justifyContent": "space-between",
                  "marginBottom": "6px",
                  "width": "410px",
                }
              }
            >
              <table
                style={
                  Object {
                    "width": "100%",
                  }
                }
              >
                <tbody>
                  <tr>
                    <td
                      style={
                        Object {
                          "verticalAlign": "top",
                          "width": "30%",
                        }
                      }
                    >
                      <table
                        style={
                          Object {
                            "width": "100%",
                          }
                        }
                      >
                        <tbody>
                          <tr>
                            <td
                              style={
                                Object {
                                  "alignItems": "center",
                                  "display": "flex",
                                }
                              }
                            >
                              <Glyphicon
                                bsClass="glyphicon"
                                glyph="time"
                                style={
                                  Object {
                                    "marginRight": "5px",
                                    "top": "2px",
                                  }
                                }
                              />
                               
                              5 days ago
                            </td>
                          </tr>
                        </tbody>
                      </table>
                    </td>
                    <td
                      style={
                        Object {
                          "verticalAlign": "top",
                          "width": "30%",
                        }
                      }
                    >
                      <table
                        style={
                          Object {
                            "width": "100%",
                          }
                        }
                      >
                        <tbody>
                          <tr>
                            <td
                              style={
                                Object {
                                  "alignItems": "center",
                                  "display": "flex",
                                }
                              }
                            >
                              <Glyphicon
                                bsClass="glyphicon"
                                glyph="book"
                                style={
                                  Object {
                                    "marginRight": "5px",
                                    "top": "2px",
                                  }
                                }
                              />
                               
                              <span>
                                 
                                (1co) 1 Corinthians
                              </span>
                            </td>
                          </tr>
                        </tbody>
                      </table>
                    </td>
                    <td
                      style={
                        Object {
                          "verticalAlign": "top",
                          "width": "30%",
                        }
                      }
                    >
                      <table
                        style={
                          Object {
                            "width": "100%",
                          }
                        }
                      >
                        <tbody>
                          <tr>
                            <td
                              style={
                                Object {
                                  "alignItems": "center",
                                  "display": "flex",
                                }
                              }
                            >
                              <ActionTranslate
                                style={
                                  Object {
                                    "alignSelf": "flex-start",
                                    "color": "#000000",
                                    "marginBottom": "5px",
                                    "marginRight": "5px",
                                    "minWidth": 22,
                                    "width": 22,
                                  }
                                }
                              />
                               
                              <span>
                                 
                                (en) English
                              </span>
                            </td>
                          </tr>
                        </tbody>
                      </table>
                    </td>
                  </tr>
                </tbody>
              </table>
            </div>
          </div>
          <div
            style={
              Object {
                "display": "flex",
                "flexDirection": "column",
                "justifyContent": "space-between",
                "marginRight": "-6px",
                "textAlign": "right",
              }
            }
          >
            <Connect(ProjectCardMenu)
              projectSaveLocation="<TEMP_DIR>/en_1co_ulb"
              translate={[Function]}
              user="johndoe"
            />
            <div>
              <button
                className="btn-prime"
                disabled={false}
                onClick={[Function]}
                style={
                  Object {
                    "marginBottom": "0",
                    "width": "90px",
                  }
                }
              >
                buttons.select_button
              </button>
            </div>
          </div>
        </div>,
        "heading": <span />,
      },
      "ref": null,
      "rendered": null,
      "type": [Function],
    },
  ],
  Symbol(enzyme.__options__): Object {
    "adapter": ReactSixteenAdapter {
      "options": Object {
        "enableComponentDidUpdateOnSetState": true,
        "legacyContextMode": "parent",
        "lifecycles": Object {
          "componentDidUpdate": Object {
            "onSetState": true,
          },
          "getChildContext": Object {
            "calledByRenderer": false,
          },
          "getDerivedStateFromProps": true,
          "getSnapshotBeforeUpdate": true,
          "setState": Object {
            "skipsComponentDidUpdateOnNullish": true,
          },
        },
      },
    },
  },
}
`;

exports[`Test ProjectCard component Truncate long items. 1`] = `
<div
  className="wraptip"
>
   
  (en-ult) now is the time f...
  <span
    className="wraptip-text"
  >
    (en-ult) now is the time for all good men
  </span>
</div>
`;
