// Jest Snapshot v1, https://goo.gl/fbAQLP

exports[`Test ProjectCard component Comparing ProjectCard Component render with snapshot taken 11/06/2017 in __snapshots__ should match 1`] = `
<div
  style={
    Object {
      "flex": 1,
    }
  }
>
  <span />
  <div
    style={
      Object {
        "WebkitTapHighlightColor": "rgba(0,0,0,0)",
        "background": "white",
        "backgroundColor": "#ffffff",
        "borderRadius": 2,
        "boxShadow": "0 1px 6px rgba(0, 0, 0, 0.12),
         0 1px 4px rgba(0, 0, 0, 0.12)",
        "boxSizing": "border-box",
        "color": "rgba(0, 0, 0, 0.87)",
        "fontFamily": "Roboto, sans-serif",
        "marginTop": "5px",
        "muiPrepared": true,
        "transition": "all 450ms cubic-bezier(0.23, 1, 0.32, 1) 0ms",
        "zIndex": 1,
      }
    }
  >
    <div
      style={
        Object {
          "paddingBottom": 8,
        }
      }
    >
      <div
        style={
          Object {
            "color": "rgba(0, 0, 0, 0.87)",
            "fontSize": 14,
            "muiPrepared": true,
            "padding": 16,
          }
        }
      >
        <div
          style={
            Object {
              "display": "flex",
              "justifyContent": "space-between",
              "marginTop": "-10px",
            }
          }
        >
          <div
            style={
              Object {
                "display": "flex",
                "flexDirection": "column",
                "justifyContent": "space-between",
              }
            }
          >
            <span
              aria-label="en_1co_ulb"
              className="hint--bottom hint--medium"
            >
              <strong
                style={
                  Object {
                    "display": "block",
                    "fontSize": "x-large",
                    "maxWidth": 400,
                    "overflow": "hidden",
                    "textOverflow": "ellipsis",
                    "whiteSpace": "nowrap",
                  }
                }
              >
                 
                en_1co_ulb
                 
              </strong>
            </span>
            <div
              style={
                Object {
                  "display": "flex",
                  "justifyContent": "space-between",
                  "marginBottom": "6px",
                  "width": "410px",
                }
              }
            >
              <table
                style={
                  Object {
                    "width": "100%",
                  }
                }
              >
                <tbody>
                  <tr>
                    <td
                      style={
                        Object {
                          "width": "30%",
                        }
                      }
                    >
                      <table
                        style={
                          Object {
                            "width": "100%",
                          }
                        }
                      >
                        <tbody>
                          <tr>
                            <td
                              style={
                                Object {
                                  "width": "1px",
                                }
                              }
                            >
                              <span
                                className="glyphicon glyphicon-time"
                                style={
                                  Object {
                                    "marginRight": "5px",
                                    "top": "2px",
                                  }
                                }
                              />
                            </td>
                            <td>
                              5 days ago
                            </td>
                          </tr>
                        </tbody>
                      </table>
                    </td>
                    <td
                      style={
                        Object {
                          "width": "30%",
                        }
                      }
                    >
                      <table
                        style={
                          Object {
                            "width": "100%",
                          }
                        }
                      >
                        <tbody>
                          <tr>
                            <td
                              style={
                                Object {
                                  "width": "1px",
                                }
                              }
                            >
                              <span
                                className="glyphicon glyphicon-book"
                                style={
                                  Object {
                                    "marginRight": "5px",
                                    "top": "2px",
                                  }
                                }
                              />
                            </td>
                            <td>
                              1 Corinthians (1co)
                            </td>
                          </tr>
                        </tbody>
                      </table>
                    </td>
                    <td
                      style={
                        Object {
                          "width": "40%",
                        }
                      }
                    >
                      <table
                        style={
                          Object {
                            "width": "100%",
                          }
                        }
                      >
                        <tbody>
                          <tr>
                            <td
                              style={
                                Object {
                                  "width": "1px",
                                }
                              }
                            >
                              <span
                                className="glyphicon glyphicon-globe"
                                style={
                                  Object {
                                    "marginRight": "5px",
                                    "top": "2px",
                                  }
                                }
                              />
                            </td>
                            <td>
                              English (en)
                            </td>
                          </tr>
                        </tbody>
                      </table>
                    </td>
                  </tr>
                </tbody>
              </table>
            </div>
          </div>
          <div
            style={
              Object {
                "display": "flex",
                "flexDirection": "column",
                "justifyContent": "space-between",
                "marginRight": "-6px",
                "textAlign": "right",
              }
            }
          >
            <div
              style={
                Object {
                  "cursor": "pointer",
                }
              }
            >
              <div
                onTouchTap={[Function]}
              >
                <span
                  className="glyphicon glyphicon-option-vertical"
                  style={
                    Object {
                      "fontSize": "large",
                    }
                  }
                />
              </div>
              <div
                style={
                  Object {
                    "display": "none",
                  }
                }
              />
            </div>
            <div>
              <button
                className="btn-prime"
                disabled={false}
                onClick={[Function]}
                style={
                  Object {
                    "marginBottom": "0",
                    "width": "90px",
                  }
                }
              >
                Select
              </button>
            </div>
          </div>
        </div>
      </div>
    </div>
  </div>
</div>
`;
