// Jest Snapshot v1, https://goo.gl/fbAQLP

exports[`translationNotes should have many boxes unchecked 1`] = `
<div
  style={
    Object {
      "margin": "0 2% 0 6%",
    }
  }
>
  <div
    style={
      Object {
        "display": "flex",
        "flexWrap": "wrap",
        "margin": "0 0 5 0",
        "width": "100%",
      }
    }
  >
    <div
      style={
        Object {
          "display": "flex",
          "width": "92%",
        }
      }
    >
      <div
        style={
          Object {
            "width": "38px",
          }
        }
      />
      <div>
        tool_card_categories.cultural
      </div>
    </div>
    <div
      style={
        Object {
          "alignSelf": "flex-end",
        }
      }
    >
      <span
        className="glyphicon glyphicon-chevron-down"
        onClick={[Function]}
        style={
          Object {
            "fontSize": "18px",
            "margin": "0 12px 0 0",
            "textAlign": "right",
            "width": "20px",
          }
        }
      />
    </div>
  </div>
  <div
    style={
      Object {
        "display": "flex",
        "flexWrap": "wrap",
        "margin": "0 0 5 0",
        "width": "100%",
      }
    }
  >
    <div
      style={
        Object {
          "display": "flex",
          "width": "92%",
        }
      }
    >
      <div
        style={
          Object {
            "width": "38px",
          }
        }
      />
      <div>
        tool_card_categories.figures
      </div>
    </div>
    <div
      style={
        Object {
          "alignSelf": "flex-end",
        }
      }
    >
      <span
        className="glyphicon glyphicon-chevron-down"
        onClick={[Function]}
        style={
          Object {
            "fontSize": "18px",
            "margin": "0 12px 0 0",
            "textAlign": "right",
            "width": "20px",
          }
        }
      />
    </div>
  </div>
  <div
    style={
      Object {
        "display": "flex",
        "flexWrap": "wrap",
        "margin": "0 0 5 0",
        "width": "100%",
      }
    }
  >
    <div
      style={
        Object {
          "display": "flex",
          "width": "92%",
        }
      }
    >
      <div
        style={
          Object {
            "width": "38px",
          }
        }
      />
      <div>
        tool_card_categories.lexical
      </div>
    </div>
    <div
      style={
        Object {
          "alignSelf": "flex-end",
        }
      }
    >
      <span
        className="glyphicon glyphicon-chevron-down"
        onClick={[Function]}
        style={
          Object {
            "fontSize": "18px",
            "margin": "0 12px 0 0",
            "textAlign": "right",
            "width": "20px",
          }
        }
      />
    </div>
  </div>
  <div
    style={
      Object {
        "display": "flex",
        "flexWrap": "wrap",
        "margin": "0 0 5 0",
        "width": "100%",
      }
    }
  >
    <div
      style={
        Object {
          "display": "flex",
          "width": "92%",
        }
      }
    >
      <div
        style={
          Object {
            "width": "38px",
          }
        }
      />
      <div>
        tool_card_categories.morphological
      </div>
    </div>
    <div
      style={
        Object {
          "alignSelf": "flex-end",
        }
      }
    >
      <span
        className="glyphicon glyphicon-chevron-down"
        onClick={[Function]}
        style={
          Object {
            "fontSize": "18px",
            "margin": "0 12px 0 0",
            "textAlign": "right",
            "width": "20px",
          }
        }
      />
    </div>
  </div>
</div>
`;
